MPLINK 4.49, Linker
Linker Map File - Created Thu May 20 19:02:31 2021

                                 Section Info
                  Section       Type    Address   Location Size(Bytes)
                ---------  ---------  ---------  ---------  ---------
                   .org_0       code   0x000000    program   0x000000
                   .org_1       code   0x000000    program   0x000002
                   .org_2       code   0x000008    program   0x0000d2
                   .org_3       code   0x000300    program   0x000004
                   .org_4       code   0x000306    program   0x00000a
                   .org_5       code   0x000310    program   0x000004
                   .org_6       code   0x000316    program   0x00000a
.config_300000_4DISP_PWM_2.O    romdata   0x300000    program   0x000001
.config_300001_4DISP_PWM_2.O    romdata   0x300001    program   0x000001
.config_300002_4DISP_PWM_2.O    romdata   0x300002    program   0x000001
.config_300003_4DISP_PWM_2.O    romdata   0x300003    program   0x000001
.config_300005_4DISP_PWM_2.O    romdata   0x300005    program   0x000001
.config_300006_4DISP_PWM_2.O    romdata   0x300006    program   0x000001
.config_300008_4DISP_PWM_2.O    romdata   0x300008    program   0x000001
.config_300009_4DISP_PWM_2.O    romdata   0x300009    program   0x000001
.config_30000A_4DISP_PWM_2.O    romdata   0x30000a    program   0x000001
.config_30000B_4DISP_PWM_2.O    romdata   0x30000b    program   0x000001
.config_30000C_4DISP_PWM_2.O    romdata   0x30000c    program   0x000001
.config_30000D_4DISP_PWM_2.O    romdata   0x30000d    program   0x000001



                              Program Memory Usage 
                               Start         End      
                           ---------   ---------      
                            0x000000    0x000001      
                            0x000008    0x0000d9      
                            0x000300    0x000303      
                            0x000306    0x000313      
                            0x000316    0x00031f      
                            0x300000    0x300003      
                            0x300005    0x300006      
                            0x300008    0x30000d      
            252 out of 33048 program addresses used, program memory utilization is 0%



                              Symbols - Sorted by Name
                     Name    Address   Location    Storage File                     
                ---------  ---------  ---------  --------- ---------                
                      RSI   0x0000a8    program     static C:\Users\ISIS\Documents\Microcontroladores\4disp_pwm_2.asm
                   clrPWM   0x0000cc    program     static C:\Users\ISIS\Documents\Microcontroladores\4disp_pwm_2.asm
                   inicio   0x00000a    program     static C:\Users\ISIS\Documents\Microcontroladores\4disp_pwm_2.asm
                     nada   0x0000a0    program     static C:\Users\ISIS\Documents\Microcontroladores\4disp_pwm_2.asm
                  retardo   0x00009c    program     static C:\Users\ISIS\Documents\Microcontroladores\4disp_pwm_2.asm
                    start   0x000044    program     static C:\Users\ISIS\Documents\Microcontroladores\4disp_pwm_2.asm
                thrddsply   0x000076    program     static C:\Users\ISIS\Documents\Microcontroladores\4disp_pwm_2.asm



                              Symbols - Sorted by Address
                     Name    Address   Location    Storage File                     
                ---------  ---------  ---------  --------- ---------                
                   inicio   0x00000a    program     static C:\Users\ISIS\Documents\Microcontroladores\4disp_pwm_2.asm
                    start   0x000044    program     static C:\Users\ISIS\Documents\Microcontroladores\4disp_pwm_2.asm
                thrddsply   0x000076    program     static C:\Users\ISIS\Documents\Microcontroladores\4disp_pwm_2.asm
                  retardo   0x00009c    program     static C:\Users\ISIS\Documents\Microcontroladores\4disp_pwm_2.asm
                     nada   0x0000a0    program     static C:\Users\ISIS\Documents\Microcontroladores\4disp_pwm_2.asm
                      RSI   0x0000a8    program     static C:\Users\ISIS\Documents\Microcontroladores\4disp_pwm_2.asm
                   clrPWM   0x0000cc    program     static C:\Users\ISIS\Documents\Microcontroladores\4disp_pwm_2.asm


