MPLINK 4.49, Linker
Linker Map File - Created Fri Apr 23 12:05:16 2021

                                 Section Info
                  Section       Type    Address   Location Size(Bytes)
                ---------  ---------  ---------  ---------  ---------
                   .org_0       code   0x000000    program   0x000000
                   .org_1       code   0x000000    program   0x00001a
.config_300000_DIREINDIRECTO.O    romdata   0x300000    program   0x000001
.config_300001_DIREINDIRECTO.O    romdata   0x300001    program   0x000001
.config_300002_DIREINDIRECTO.O    romdata   0x300002    program   0x000001
.config_300003_DIREINDIRECTO.O    romdata   0x300003    program   0x000001
.config_300005_DIREINDIRECTO.O    romdata   0x300005    program   0x000001
.config_300006_DIREINDIRECTO.O    romdata   0x300006    program   0x000001
.config_300008_DIREINDIRECTO.O    romdata   0x300008    program   0x000001
.config_300009_DIREINDIRECTO.O    romdata   0x300009    program   0x000001
.config_30000A_DIREINDIRECTO.O    romdata   0x30000a    program   0x000001
.config_30000B_DIREINDIRECTO.O    romdata   0x30000b    program   0x000001
.config_30000C_DIREINDIRECTO.O    romdata   0x30000c    program   0x000001
.config_30000D_DIREINDIRECTO.O    romdata   0x30000d    program   0x000001



                              Program Memory Usage 
                               Start         End      
                           ---------   ---------      
                            0x000000    0x000019      
                            0x300000    0x300003      
                            0x300005    0x300006      
                            0x300008    0x30000d      
            38 out of 33048 program addresses used, program memory utilization is 0%



                              Symbols - Sorted by Name
                     Name    Address   Location    Storage File                     
                ---------  ---------  ---------  --------- ---------                
                    CLEAN   0x000010    program     static C:\Users\ISIS\Documents\Microcontroladores\direIndirecto.asm
                     HERE   0x000018    program     static C:\Users\ISIS\Documents\Microcontroladores\direIndirecto.asm
                     NEXT   0x000008    program     static C:\Users\ISIS\Documents\Microcontroladores\direIndirecto.asm



                              Symbols - Sorted by Address
                     Name    Address   Location    Storage File                     
                ---------  ---------  ---------  --------- ---------                
                     NEXT   0x000008    program     static C:\Users\ISIS\Documents\Microcontroladores\direIndirecto.asm
                    CLEAN   0x000010    program     static C:\Users\ISIS\Documents\Microcontroladores\direIndirecto.asm
                     HERE   0x000018    program     static C:\Users\ISIS\Documents\Microcontroladores\direIndirecto.asm


