MPLINK 4.49, Linker
Linker Map File - Created Mon Feb 22 23:46:51 2021

                                 Section Info
                  Section       Type    Address   Location Size(Bytes)
                ---------  ---------  ---------  ---------  ---------
                   .org_0       code   0x000000    program   0x000000
                   .org_1       code   0x000000    program   0x000002
                   .org_2       code   0x000008    program   0x0000f0
.config_300000_DISPLAY7_RETROCESO_INT0.O    romdata   0x300000    program   0x000001
.config_300001_DISPLAY7_RETROCESO_INT0.O    romdata   0x300001    program   0x000001
.config_300002_DISPLAY7_RETROCESO_INT0.O    romdata   0x300002    program   0x000001
.config_300003_DISPLAY7_RETROCESO_INT0.O    romdata   0x300003    program   0x000001
.config_300005_DISPLAY7_RETROCESO_INT0.O    romdata   0x300005    program   0x000001
.config_300006_DISPLAY7_RETROCESO_INT0.O    romdata   0x300006    program   0x000001
.config_300008_DISPLAY7_RETROCESO_INT0.O    romdata   0x300008    program   0x000001
.config_300009_DISPLAY7_RETROCESO_INT0.O    romdata   0x300009    program   0x000001
.config_30000A_DISPLAY7_RETROCESO_INT0.O    romdata   0x30000a    program   0x000001
.config_30000B_DISPLAY7_RETROCESO_INT0.O    romdata   0x30000b    program   0x000001
.config_30000C_DISPLAY7_RETROCESO_INT0.O    romdata   0x30000c    program   0x000001
.config_30000D_DISPLAY7_RETROCESO_INT0.O    romdata   0x30000d    program   0x000001



                              Program Memory Usage 
                               Start         End      
                           ---------   ---------      
                            0x000000    0x000001      
                            0x000008    0x0000f7      
                            0x300000    0x300003      
                            0x300005    0x300006      
                            0x300008    0x30000d      
            254 out of 33048 program addresses used, program memory utilization is 0%



                              Symbols - Sorted by Name
                     Name    Address   Location    Storage File                     
                ---------  ---------  ---------  --------- ---------                
                      RSI   0x0000f2    program     static C:\Users\ISIS\Documents\Microcontroladores\display7_retroceso_int0.asm
                        a   0x000090    program     static C:\Users\ISIS\Documents\Microcontroladores\display7_retroceso_int0.asm
                        b   0x00009c    program     static C:\Users\ISIS\Documents\Microcontroladores\display7_retroceso_int0.asm
                        c   0x0000a8    program     static C:\Users\ISIS\Documents\Microcontroladores\display7_retroceso_int0.asm
                     cero   0x000018    program     static C:\Users\ISIS\Documents\Microcontroladores\display7_retroceso_int0.asm
                    cinco   0x000054    program     static C:\Users\ISIS\Documents\Microcontroladores\display7_retroceso_int0.asm
                   cuatro   0x000048    program     static C:\Users\ISIS\Documents\Microcontroladores\display7_retroceso_int0.asm
                        d   0x0000b4    program     static C:\Users\ISIS\Documents\Microcontroladores\display7_retroceso_int0.asm
                      dos   0x000030    program     static C:\Users\ISIS\Documents\Microcontroladores\display7_retroceso_int0.asm
                        e   0x0000c0    program     static C:\Users\ISIS\Documents\Microcontroladores\display7_retroceso_int0.asm
                        f   0x0000cc    program     static C:\Users\ISIS\Documents\Microcontroladores\display7_retroceso_int0.asm
                   inicio   0x00000a    program     static C:\Users\ISIS\Documents\Microcontroladores\display7_retroceso_int0.asm
                    llama   0x0000e8    program     static C:\Users\ISIS\Documents\Microcontroladores\display7_retroceso_int0.asm
                     nada   0x0000dc    program     static C:\Users\ISIS\Documents\Microcontroladores\display7_retroceso_int0.asm
                    nueve   0x000084    program     static C:\Users\ISIS\Documents\Microcontroladores\display7_retroceso_int0.asm
                     ocho   0x000078    program     static C:\Users\ISIS\Documents\Microcontroladores\display7_retroceso_int0.asm
                   repite   0x0000e4    program     static C:\Users\ISIS\Documents\Microcontroladores\display7_retroceso_int0.asm
                  retardo   0x0000d8    program     static C:\Users\ISIS\Documents\Microcontroladores\display7_retroceso_int0.asm
                     seis   0x000060    program     static C:\Users\ISIS\Documents\Microcontroladores\display7_retroceso_int0.asm
                    siete   0x00006c    program     static C:\Users\ISIS\Documents\Microcontroladores\display7_retroceso_int0.asm
                     tres   0x00003c    program     static C:\Users\ISIS\Documents\Microcontroladores\display7_retroceso_int0.asm
                      uno   0x000024    program     static C:\Users\ISIS\Documents\Microcontroladores\display7_retroceso_int0.asm



                              Symbols - Sorted by Address
                     Name    Address   Location    Storage File                     
                ---------  ---------  ---------  --------- ---------                
                   inicio   0x00000a    program     static C:\Users\ISIS\Documents\Microcontroladores\display7_retroceso_int0.asm
                     cero   0x000018    program     static C:\Users\ISIS\Documents\Microcontroladores\display7_retroceso_int0.asm
                      uno   0x000024    program     static C:\Users\ISIS\Documents\Microcontroladores\display7_retroceso_int0.asm
                      dos   0x000030    program     static C:\Users\ISIS\Documents\Microcontroladores\display7_retroceso_int0.asm
                     tres   0x00003c    program     static C:\Users\ISIS\Documents\Microcontroladores\display7_retroceso_int0.asm
                   cuatro   0x000048    program     static C:\Users\ISIS\Documents\Microcontroladores\display7_retroceso_int0.asm
                    cinco   0x000054    program     static C:\Users\ISIS\Documents\Microcontroladores\display7_retroceso_int0.asm
                     seis   0x000060    program     static C:\Users\ISIS\Documents\Microcontroladores\display7_retroceso_int0.asm
                    siete   0x00006c    program     static C:\Users\ISIS\Documents\Microcontroladores\display7_retroceso_int0.asm
                     ocho   0x000078    program     static C:\Users\ISIS\Documents\Microcontroladores\display7_retroceso_int0.asm
                    nueve   0x000084    program     static C:\Users\ISIS\Documents\Microcontroladores\display7_retroceso_int0.asm
                        a   0x000090    program     static C:\Users\ISIS\Documents\Microcontroladores\display7_retroceso_int0.asm
                        b   0x00009c    program     static C:\Users\ISIS\Documents\Microcontroladores\display7_retroceso_int0.asm
                        c   0x0000a8    program     static C:\Users\ISIS\Documents\Microcontroladores\display7_retroceso_int0.asm
                        d   0x0000b4    program     static C:\Users\ISIS\Documents\Microcontroladores\display7_retroceso_int0.asm
                        e   0x0000c0    program     static C:\Users\ISIS\Documents\Microcontroladores\display7_retroceso_int0.asm
                        f   0x0000cc    program     static C:\Users\ISIS\Documents\Microcontroladores\display7_retroceso_int0.asm
                  retardo   0x0000d8    program     static C:\Users\ISIS\Documents\Microcontroladores\display7_retroceso_int0.asm
                     nada   0x0000dc    program     static C:\Users\ISIS\Documents\Microcontroladores\display7_retroceso_int0.asm
                   repite   0x0000e4    program     static C:\Users\ISIS\Documents\Microcontroladores\display7_retroceso_int0.asm
                    llama   0x0000e8    program     static C:\Users\ISIS\Documents\Microcontroladores\display7_retroceso_int0.asm
                      RSI   0x0000f2    program     static C:\Users\ISIS\Documents\Microcontroladores\display7_retroceso_int0.asm


