MPLINK 4.49, Linker
Linker Map File - Created Wed Feb 17 22:08:52 2021

                                 Section Info
                  Section       Type    Address   Location Size(Bytes)
                ---------  ---------  ---------  ---------  ---------
                   .org_0       code   0x000000    program   0x000000
                   .org_1       code   0x000000    program   0x0000a4
.config_300000_DISPLAY7.O    romdata   0x300000    program   0x000001
.config_300001_DISPLAY7.O    romdata   0x300001    program   0x000001
.config_300002_DISPLAY7.O    romdata   0x300002    program   0x000001
.config_300003_DISPLAY7.O    romdata   0x300003    program   0x000001
.config_300005_DISPLAY7.O    romdata   0x300005    program   0x000001
.config_300006_DISPLAY7.O    romdata   0x300006    program   0x000001
.config_300008_DISPLAY7.O    romdata   0x300008    program   0x000001
.config_300009_DISPLAY7.O    romdata   0x300009    program   0x000001
.config_30000A_DISPLAY7.O    romdata   0x30000a    program   0x000001
.config_30000B_DISPLAY7.O    romdata   0x30000b    program   0x000001
.config_30000C_DISPLAY7.O    romdata   0x30000c    program   0x000001
.config_30000D_DISPLAY7.O    romdata   0x30000d    program   0x000001



                              Program Memory Usage 
                               Start         End      
                           ---------   ---------      
                            0x000000    0x0000a3      
                            0x300000    0x300003      
                            0x300005    0x300006      
                            0x300008    0x30000d      
            176 out of 33048 program addresses used, program memory utilization is 0%



                              Symbols - Sorted by Name
                     Name    Address   Location    Storage File                     
                ---------  ---------  ---------  --------- ---------                
                     cero   0x00000a    program     static C:\Users\ISIS\Documents\Microcontroladores\display7.asm
                    llama   0x00009a    program     static C:\Users\ISIS\Documents\Microcontroladores\display7.asm
                     nada   0x00008e    program     static C:\Users\ISIS\Documents\Microcontroladores\display7.asm
                   repite   0x000096    program     static C:\Users\ISIS\Documents\Microcontroladores\display7.asm
                  retardo   0x00008a    program     static C:\Users\ISIS\Documents\Microcontroladores\display7.asm



                              Symbols - Sorted by Address
                     Name    Address   Location    Storage File                     
                ---------  ---------  ---------  --------- ---------                
                     cero   0x00000a    program     static C:\Users\ISIS\Documents\Microcontroladores\display7.asm
                  retardo   0x00008a    program     static C:\Users\ISIS\Documents\Microcontroladores\display7.asm
                     nada   0x00008e    program     static C:\Users\ISIS\Documents\Microcontroladores\display7.asm
                   repite   0x000096    program     static C:\Users\ISIS\Documents\Microcontroladores\display7.asm
                    llama   0x00009a    program     static C:\Users\ISIS\Documents\Microcontroladores\display7.asm


