MPLINK 4.49, Linker
Linker Map File - Created Mon Mar 15 12:35:39 2021

                                 Section Info
                  Section       Type    Address   Location Size(Bytes)
                ---------  ---------  ---------  ---------  ---------
                   .org_0       code   0x000000    program   0x000000
                   .org_1       code   0x000000    program   0x000002
                   .org_2       code   0x000008    program   0x00009a
                   .org_3       code   0x000300    program   0x000010
.config_300000_EJTABLAT_TMR2.O    romdata   0x300000    program   0x000001
.config_300001_EJTABLAT_TMR2.O    romdata   0x300001    program   0x000001
.config_300002_EJTABLAT_TMR2.O    romdata   0x300002    program   0x000001
.config_300003_EJTABLAT_TMR2.O    romdata   0x300003    program   0x000001
.config_300005_EJTABLAT_TMR2.O    romdata   0x300005    program   0x000001
.config_300006_EJTABLAT_TMR2.O    romdata   0x300006    program   0x000001
.config_300008_EJTABLAT_TMR2.O    romdata   0x300008    program   0x000001
.config_300009_EJTABLAT_TMR2.O    romdata   0x300009    program   0x000001
.config_30000A_EJTABLAT_TMR2.O    romdata   0x30000a    program   0x000001
.config_30000B_EJTABLAT_TMR2.O    romdata   0x30000b    program   0x000001
.config_30000C_EJTABLAT_TMR2.O    romdata   0x30000c    program   0x000001
.config_30000D_EJTABLAT_TMR2.O    romdata   0x30000d    program   0x000001



                              Program Memory Usage 
                               Start         End      
                           ---------   ---------      
                            0x000000    0x000001      
                            0x000008    0x0000a1      
                            0x000300    0x00030f      
                            0x300000    0x300003      
                            0x300005    0x300006      
                            0x300008    0x30000d      
            184 out of 33048 program addresses used, program memory utilization is 0%



                              Symbols - Sorted by Name
                     Name    Address   Location    Storage File                     
                ---------  ---------  ---------  --------- ---------                
                      RSI   0x000078    program     static C:\Users\ISIS\Documents\Microcontroladores\ejtablat_tmr2.asm
                    SINT0   0x00008a    program     static C:\Users\ISIS\Documents\Microcontroladores\ejtablat_tmr2.asm
                      ST2   0x000094    program     static C:\Users\ISIS\Documents\Microcontroladores\ejtablat_tmr2.asm
                   espera   0x00009a    program     static C:\Users\ISIS\Documents\Microcontroladores\ejtablat_tmr2.asm
                   inicio   0x00000a    program     static C:\Users\ISIS\Documents\Microcontroladores\ejtablat_tmr2.asm
                      lee   0x00003c    program     static C:\Users\ISIS\Documents\Microcontroladores\ejtablat_tmr2.asm
                   pabajo   0x00005a    program     static C:\Users\ISIS\Documents\Microcontroladores\ejtablat_tmr2.asm
                  parriba   0x000042    program     static C:\Users\ISIS\Documents\Microcontroladores\ejtablat_tmr2.asm



                              Symbols - Sorted by Address
                     Name    Address   Location    Storage File                     
                ---------  ---------  ---------  --------- ---------                
                   inicio   0x00000a    program     static C:\Users\ISIS\Documents\Microcontroladores\ejtablat_tmr2.asm
                      lee   0x00003c    program     static C:\Users\ISIS\Documents\Microcontroladores\ejtablat_tmr2.asm
                  parriba   0x000042    program     static C:\Users\ISIS\Documents\Microcontroladores\ejtablat_tmr2.asm
                   pabajo   0x00005a    program     static C:\Users\ISIS\Documents\Microcontroladores\ejtablat_tmr2.asm
                      RSI   0x000078    program     static C:\Users\ISIS\Documents\Microcontroladores\ejtablat_tmr2.asm
                    SINT0   0x00008a    program     static C:\Users\ISIS\Documents\Microcontroladores\ejtablat_tmr2.asm
                      ST2   0x000094    program     static C:\Users\ISIS\Documents\Microcontroladores\ejtablat_tmr2.asm
                   espera   0x00009a    program     static C:\Users\ISIS\Documents\Microcontroladores\ejtablat_tmr2.asm


