MPLINK 4.49, Linker
Linker Map File - Created Mon Apr 26 11:21:26 2021

                                 Section Info
                  Section       Type    Address   Location Size(Bytes)
                ---------  ---------  ---------  ---------  ---------
                   .org_0       code   0x000000    program   0x00001e
                   .org_1       code   0x000200    program   0x00000a
 .config_300000_INDIMSG.O    romdata   0x300000    program   0x000001
 .config_300001_INDIMSG.O    romdata   0x300001    program   0x000001
 .config_300002_INDIMSG.O    romdata   0x300002    program   0x000001
 .config_300003_INDIMSG.O    romdata   0x300003    program   0x000001
 .config_300005_INDIMSG.O    romdata   0x300005    program   0x000001
 .config_300006_INDIMSG.O    romdata   0x300006    program   0x000001
 .config_300008_INDIMSG.O    romdata   0x300008    program   0x000001
 .config_300009_INDIMSG.O    romdata   0x300009    program   0x000001
 .config_30000A_INDIMSG.O    romdata   0x30000a    program   0x000001
 .config_30000B_INDIMSG.O    romdata   0x30000b    program   0x000001
 .config_30000C_INDIMSG.O    romdata   0x30000c    program   0x000001
 .config_30000D_INDIMSG.O    romdata   0x30000d    program   0x000001



                              Program Memory Usage 
                               Start         End      
                           ---------   ---------      
                            0x000000    0x00001d      
                            0x000200    0x000209      
                            0x300000    0x300003      
                            0x300005    0x300006      
                            0x300008    0x30000d      
            52 out of 33048 program addresses used, program memory utilization is 0%



                              Symbols - Sorted by Name
                     Name    Address   Location    Storage File                     
                ---------  ---------  ---------  --------- ---------                
                     aqui   0x00001c    program     static C:\Users\ISIS\Documents\Microcontroladores\indiMSG.asm
                     next   0x00000e    program     static C:\Users\ISIS\Documents\Microcontroladores\indiMSG.asm



                              Symbols - Sorted by Address
                     Name    Address   Location    Storage File                     
                ---------  ---------  ---------  --------- ---------                
                     next   0x00000e    program     static C:\Users\ISIS\Documents\Microcontroladores\indiMSG.asm
                     aqui   0x00001c    program     static C:\Users\ISIS\Documents\Microcontroladores\indiMSG.asm


